// Jest Snapshot v1, https://goo.gl/fbAQLP

exports[`UserIsAuthenticated should not redner PageComponent when user is not authenticated 1`] = `<main />`;

exports[`UserIsAuthenticated should redner PageComponent when user is authenticated 1`] = `
<main>
  <div>
    Page only for authenticated users
  </div>
</main>
`;
