// Jest Snapshot v1, https://goo.gl/fbAQLP

exports[`<ResetPasswordForm /> should render ResetPasswordForm 1`] = `
<form
  noValidate={true}
  onSubmit={[Function]}
>
  <div
    className=""
  >
    <div
      className="form-item"
    >
      <label
        htmlFor="new_password"
      >
        New password
      </label>
      <input
        className="textfield"
        id="new_password"
        name="new_password"
        onBlur={[Function]}
        onChange={[Function]}
        onDragStart={[Function]}
        onDrop={[Function]}
        onFocus={[Function]}
        placeholder="Enter new password"
        type="password"
        value=""
      />
    </div>
  </div>
  <div
    className=""
  >
    <div
      className="form-item"
    >
      <label
        htmlFor="re_new_password"
      >
        Retype new password
      </label>
      <input
        className="textfield"
        id="re_new_password"
        name="re_new_password"
        onBlur={[Function]}
        onChange={[Function]}
        onDragStart={[Function]}
        onDrop={[Function]}
        onFocus={[Function]}
        placeholder="Retype new password"
        type="password"
        value=""
      />
    </div>
  </div>
  <div>
    <button
      disabled={true}
      type="submit"
    >
      Save
    </button>
  </div>
</form>
`;
